
[TestSnapshots/my_first_test - 1]
<html><head><meta charset="UTF-8"><style>
body {
    font-family: "Helvetica", sans-serif;
    margin: 16px 64px;
    background-color: white;
}

h4 {
    padding: 4px 8px;
}

a {
    display: block;
}

.coverage {
    font-size: small;
    font-weight: normal;
    margin-left: 1em;
}

label {
    padding: 8px 8px;
    color: black;
    text-decoration: none;
    display: block;
    border: thin #eeeeee solid;
}

.passed label {
    background-color: #dfd;
}

.skipped label {
    background-color: #eee;
}

.failed label {
    background-color: #fdd;
}

.error label {
    background-color: #fdf;
}

.badge {
    background-color: #888;
    color: white;
    border-radius: 4px;
    padding: 2px 8px;
    float: right;
}

.passed .badge {
    background-color: #5c5;
}

.failed .badge {
    background-color: #d66;
}

.error .badge {
    background-color: #a1a;
}

.expando {
    padding: 8px;
    display: none;
}

.content {
    padding: 8px;
    border-bottom: thin #eeeeee solid;
    color: #444;
    white-space: pre;
    background-color: #EEE;
    font-family: 'Courier New', serif;
    text-wrap: wrap;
}

.duration {
    font-size: medium;
}

div:target .expando {
    display: block
}

.toggle-el {
    /* padding: 2rem; */
    /* height: 240px; */
    background: white;
    transition: all 0.2s ease;
    opacity: 1;
    margin-top: 1rem;
    overflow: hidden;
}

input[type=checkbox].hide-input:not(:checked) + .toggle-el {
    height: 0;
    opacity: 0;
    padding-top: 0;
    padding-bottom: 0;
}

input.hide-input {
    position: absolute;
    left: -999em;
}

label.toggle {
    display: block;
    cursor: pointer;
    padding: 0.5em 1em;
    font-size: 1rem;
    color: #242424;
    /* background: #b5b5b5; */
    border-radius: 3px;
    user-select: none;
}
</style></head><body><h1>Test Results</h1><div class="suites"><h3>Suite Filename</h3><span>my_first_test/junit.xml</span><p>2 of 5 tests failed</p>
<h4>github.com/alexec/junit2html/example</h4><div class='failed' id='div-github.com/alexec/junit2html/example.github.com/alexec/junit2html/example.TestFailing'>
<label for='github.com/alexec/junit2html/example.github.com/alexec/junit2html/example.TestFailing' class='toggle'>TestFailing<span class='badge'>Fail</span></a></label>
<input type='checkbox' name='one' id='github.com/alexec/junit2html/example.github.com/alexec/junit2html/example.TestFailing' class='hide-input'><div class='toggle-el'>
<p class='duration' title='Test duration'>Test duration: 0s</p>
<div class='content'><b>Failure message:</b>

Failed</div>
<div class='content'><b>Failure description:</b>

    example_test.go:10: this test failed</div>
</div>
</div>
<div class='failed' id='div-github.com/alexec/junit2html/example.github.com/alexec/junit2html/example.TestPanic'>
<label for='github.com/alexec/junit2html/example.github.com/alexec/junit2html/example.TestPanic' class='toggle'>TestPanic<span class='badge'>Fail</span></a></label>
<input type='checkbox' name='one' id='github.com/alexec/junit2html/example.github.com/alexec/junit2html/example.TestPanic' class='hide-input'><div class='toggle-el'>
<p class='duration' title='Test duration'>Test duration: 0s</p>
<div class='content'><b>Failure message:</b>

Failed</div>
<div class='content'><b>Failure description:</b>

</div>
</div>
</div>
<h4>github.com/alexec/junit2html/example</h4><div class='passed' id='div-github.com/alexec/junit2html/example.github.com/alexec/junit2html/example.TestPassing'>
<label for='github.com/alexec/junit2html/example.github.com/alexec/junit2html/example.TestPassing' class='toggle'>TestPassing<span class='badge'>Pass</span></a></label>
<input type='checkbox' name='one' id='github.com/alexec/junit2html/example.github.com/alexec/junit2html/example.TestPassing' class='hide-input'><div class='toggle-el'>
<p class='duration' title='Test duration'>Test duration: 0s</p>
<div class='content'><b>Stdout:</b>

2024/06/19 13:39:10 ok</div>
</div>
</div>
<div class='skipped' id='div-github.com/alexec/junit2html/example.github.com/alexec/junit2html/example.TestSkipped'>
<label for='github.com/alexec/junit2html/example.github.com/alexec/junit2html/example.TestSkipped' class='toggle'>TestSkipped<span class='badge'>Skip</span></a></label>
<input type='checkbox' name='one' id='github.com/alexec/junit2html/example.github.com/alexec/junit2html/example.TestSkipped' class='hide-input'><div class='toggle-el'>
<p class='duration' title='Test duration'>Test duration: 0s</p>
<div class='content'>Skipped</div>
</div>
</div>
<h4>github.com/alexec/junit2html/example/coverage<span class='coverage' title='coverage.statements.pct'>50%</span>
</h4><div class='passed' id='div-github.com/alexec/junit2html/example/coverage.github.com/alexec/junit2html/example/coverage.TestCoverage'>
<label for='github.com/alexec/junit2html/example/coverage.github.com/alexec/junit2html/example/coverage.TestCoverage' class='toggle'>TestCoverage<span class='badge'>Pass</span></a></label>
<input type='checkbox' name='one' id='github.com/alexec/junit2html/example/coverage.github.com/alexec/junit2html/example/coverage.TestCoverage' class='hide-input'><div class='toggle-el'>
<p class='duration' title='Test duration'>Test duration: 0s</p>
<div class='content'><b>Stdout:</b>

2024/06/19 13:39:10 foo</div>
</div>
</div>
</div><hr></body></html>

---
